
> hello@0.1.0 build
> next build

  Γû▓ Next.js 14.2.35
  - Environments: .env.local, .env

   Creating an optimized production build ...
node.exe : Failed to compile.
At line:1 char:1
+ & "C:\Program 
Files\nodejs/node.exe" 
"C:\Program 
Files\nodejs/node_mo ...
+ ~~~~~~~~~~~~~~~~~~~~~~~~~~~
~~~~~~~~~~~~~~~~~~~~~~~~~~~~~
~~~~~~~~~~~~~
    + CategoryInfo           
   : NotSpecified: (Failed   
  to compile.:String) [],    
 RemoteException
    + FullyQualifiedErrorId  
   : NativeCommandError
 

./src/trpc/query-client.ts
Module not found: Can't 
resolve 
'@tanstack/react-query'

https://nextjs.org/docs/messa
ges/module-not-found

Import trace for requested 
module:
./src/trpc/react.tsx

./src/trpc/react.tsx
Module not found: Can't 
resolve 
'@tanstack/react-query'

https://nextjs.org/docs/messa
ges/module-not-found

./node_modules/@trpc/react-qu
ery/dist/getQueryKey-BY58RNzP
.mjs
Module not found: Can't 
resolve 
'@tanstack/react-query'

https://nextjs.org/docs/messa
ges/module-not-found

Import trace for requested 
module:
./node_modules/@trpc/react-qu
ery/dist/index.mjs
./src/trpc/react.tsx

./node_modules/@trpc/react-qu
ery/dist/shared-JtnEvJvB.mjs
Module not found: Can't 
resolve 
'@tanstack/react-query'

https://nextjs.org/docs/messa
ges/module-not-found

Import trace for requested 
module:
./node_modules/@trpc/react-qu
ery/dist/index.mjs
./src/trpc/react.tsx


> Build failed because of 
webpack errors
